python : AutoGrader (unittest.loader._FailedTest.AutoGrader) ... ERROR
所在位置 行:1 字符: 46
+ ... or\backend; python -m unittest -v AutoGrader.test_realistic 2>&1 | Te ...
+                 ~~~~~~~~~~~~~~~~~~~~~~~~~~~~~~~~~~~~~~~~~~~~~~~~~~~~
    + CategoryInfo          : NotSpecified: (AutoGrader (uni...ader) ... ERROR 
   :String) [], RemoteException
    + FullyQualifiedErrorId : NativeCommandError
 

======================================================================
ERROR: AutoGrader (unittest.loader._FailedTest.AutoGrader)
----------------------------------------------------------------------
ImportError: Failed to import test module: AutoGrader
Traceback (most recent call last):
  File "C:\msys64\ucrt64\lib\python3.12\unittest\loader.py", line 137, in loadT
estsFromName
    module = __import__(module_name)
             ^^^^^^^^^^^^^^^^^^^^^^^
  File "H:\work_space\AI_tutor\backend\AutoGrader\__init__.py", line 1, in <mod
ule>
    from .grader import AggregatorBase, AutoGraderBase, EvaluatorBase, Schedule
rBase, WorkerPoolBase
  File "H:\work_space\AI_tutor\backend\AutoGrader\grader.py", line 3, in <modul
e>
    from .models import (
  File "H:\work_space\AI_tutor\backend\AutoGrader\models.py", line 4, in <modul
e>
    from pydantic import BaseModel, Field
ModuleNotFoundError: No module named 'pydantic'


----------------------------------------------------------------------
Ran 1 test in 0.000s

FAILED (errors=1)
